{
    "Small fasta": {
        "content": [
            {
                "0": [
                    [
                        {
                            "id": "test",
                            "genome_size": 1500000
                        },
                        "results.tar.gz:md5,abc9d02c53427322a25e159f50c89a05"
                    ]
                ],
                "1": [
                    "versions.yml:md5,c735e99847cb620f5256a0a506ff49f5"
                ],
                "results": [
                    [
                        {
                            "id": "test",
                            "genome_size": 1500000
                        },
                        "results.tar.gz:md5,abc9d02c53427322a25e159f50c89a05"
                    ]
                ],
                "versions": [
                    "versions.yml:md5,c735e99847cb620f5256a0a506ff49f5"
                ]
            }
        ],
        "meta": {
            "nf-test": "0.9.2",
            "nextflow": "25.04.2"
        },
        "timestamp": "2025-05-24T16:44:14.255478119"
    },
    "Normal fasta": {
        "content": [
            {
                "0": [
                    [
                        {
                            "id": "test",
                            "genome_size": 1500000
                        },
                        "results.tar.gz:md5,827b83e48e50091e5473ce7121c8f1fe"
                    ]
                ],
                "1": [
                    "versions.yml:md5,c735e99847cb620f5256a0a506ff49f5"
                ],
                "results": [
                    [
                        {
                            "id": "test",
                            "genome_size": 1500000
                        },
                        "results.tar.gz:md5,827b83e48e50091e5473ce7121c8f1fe"
                    ]
                ],
                "versions": [
                    "versions.yml:md5,c735e99847cb620f5256a0a506ff49f5"
                ]
            }
        ],
        "meta": {
            "nf-test": "0.9.2",
            "nextflow": "25.04.2"
        },
        "timestamp": "2025-05-24T16:24:00.842589662"
    },
    "Should run without failures": {
        "content": [
            {
                "0": [
                    
                ],
                "1": [
                    
                ],
                "results": [
                    
                ],
                "versions": [
                    
                ]
            }
        ],
        "meta": {
            "nf-test": "0.9.2",
            "nextflow": "25.04.2"
        },
        "timestamp": "2025-05-24T09:42:57.992155188"
    },
    "Very small fasta": {
        "content": [
            {
                "0": [
                    [
                        {
                            "id": "test",
                            "genome_size": 1500000
                        },
                        "results.tar.gz:md5,489d16b40ebebf0bd3a8a0a273834f3e"
                    ]
                ],
                "1": [
                    "versions.yml:md5,c735e99847cb620f5256a0a506ff49f5"
                ],
                "results": [
                    [
                        {
                            "id": "test",
                            "genome_size": 1500000
                        },
                        "results.tar.gz:md5,489d16b40ebebf0bd3a8a0a273834f3e"
                    ]
                ],
                "versions": [
                    "versions.yml:md5,c735e99847cb620f5256a0a506ff49f5"
                ]
            }
        ],
        "meta": {
            "nf-test": "0.9.2",
            "nextflow": "25.04.2"
        },
        "timestamp": "2025-05-24T11:46:00.57606365"
    }
}