{
    "Should run without failures": {
        "content": [
            {
                "0": [
                    
                ],
                "1": [
                    
                ],
                "10": [
                    
                ],
                "11": [
                    
                ],
                "2": [
                    
                ],
                "3": [
                    
                ],
                "4": [
                    
                ],
                "5": [
                    
                ],
                "6": [
                    
                ],
                "7": [
                    
                ],
                "8": [
                    
                ],
                "9": [
                    
                ],
                "corrected_reads": [
                    
                ],
                "filtered_overlaps": [
                    
                ],
                "overlaps": [
                    
                ],
                "phased_alternate_assembly": [
                    
                ],
                "phased_primary_assembly": [
                    
                ],
                "phased_rest_assembly": [
                    
                ],
                "polished_alternate_assembly": [
                    
                ],
                "polished_primary_assembly": [
                    
                ],
                "prepared_reads": [
                    
                ],
                "unphased_alternate_assembly": [
                    
                ],
                "unphased_primary_assembly": [
                    
                ],
                "unphased_rest_assembly": [
                    
                ]
            }
        ],
        "meta": {
            "nf-test": "0.9.2",
            "nextflow": "25.04.0"
        },
        "timestamp": "2025-05-16T17:56:18.099651836"
    },
    "Very small fasta": {
        "content": [
            {
                "0": [
                    [
                        {
                            "id": "test",
                            "genome_size": 50000
                        },
                        "primary.fasta:md5,a9f8e5add90cf18903471dcdb033cbf2"
                    ]
                ],
                "1": [
                    [
                        {
                            "id": "test",
                            "genome_size": 50000
                        },
                        "alternate.fasta:md5,d41d8cd98f00b204e9800998ecf8427e"
                    ]
                ],
                "2": [
                    [
                        {
                            "id": "test",
                            "genome_size": 50000
                        },
                        "haplotype_1.fasta:md5,ac74906b1517e6ae4e40132dc6620574"
                    ]
                ],
                "3": [
                    [
                        {
                            "id": "test",
                            "genome_size": 50000
                        },
                        "haplotype_2.fasta:md5,d41d8cd98f00b204e9800998ecf8427e"
                    ]
                ],
                "4": [
                    [
                        {
                            "id": "test",
                            "genome_size": 50000
                        },
                        "primary.fasta:md5,5847b741113e130928beefca265a7eb3"
                    ]
                ],
                "5": [
                    [
                        {
                            "id": "test",
                            "genome_size": 50000
                        },
                        "alternate.fasta:md5,d41d8cd98f00b204e9800998ecf8427e"
                    ]
                ],
                "6": [
                    [
                        {
                            "id": "test",
                            "genome_size": 50000
                        },
                        "haplotype_1.fasta:md5,e2434d5eaff4997382dfdbe783670e3d"
                    ]
                ],
                "7": [
                    [
                        {
                            "id": "test",
                            "genome_size": 50000
                        },
                        "haplotype_2.fasta:md5,d41d8cd98f00b204e9800998ecf8427e"
                    ]
                ],
                "polished_medaka_alternate_assembly": [
                    [
                        {
                            "id": "test",
                            "genome_size": 50000
                        },
                        "alternate.fasta:md5,d41d8cd98f00b204e9800998ecf8427e"
                    ]
                ],
                "polished_medaka_haplotype_1_assembly": [
                    [
                        {
                            "id": "test",
                            "genome_size": 50000
                        },
                        "haplotype_1.fasta:md5,ac74906b1517e6ae4e40132dc6620574"
                    ]
                ],
                "polished_medaka_haplotype_2_assembly": [
                    [
                        {
                            "id": "test",
                            "genome_size": 50000
                        },
                        "haplotype_2.fasta:md5,d41d8cd98f00b204e9800998ecf8427e"
                    ]
                ],
                "polished_medaka_primary_assembly": [
                    [
                        {
                            "id": "test",
                            "genome_size": 50000
                        },
                        "primary.fasta:md5,a9f8e5add90cf18903471dcdb033cbf2"
                    ]
                ],
                "polished_racon_alternate_assembly": [
                    [
                        {
                            "id": "test",
                            "genome_size": 50000
                        },
                        "alternate.fasta:md5,d41d8cd98f00b204e9800998ecf8427e"
                    ]
                ],
                "polished_racon_haplotype_1_assembly": [
                    [
                        {
                            "id": "test",
                            "genome_size": 50000
                        },
                        "haplotype_1.fasta:md5,e2434d5eaff4997382dfdbe783670e3d"
                    ]
                ],
                "polished_racon_haplotype_2_assembly": [
                    [
                        {
                            "id": "test",
                            "genome_size": 50000
                        },
                        "haplotype_2.fasta:md5,d41d8cd98f00b204e9800998ecf8427e"
                    ]
                ],
                "polished_racon_primary_assembly": [
                    [
                        {
                            "id": "test",
                            "genome_size": 50000
                        },
                        "primary.fasta:md5,5847b741113e130928beefca265a7eb3"
                    ]
                ]
            }
        ],
        "meta": {
            "nf-test": "0.9.2",
            "nextflow": "25.04.2"
        },
        "timestamp": "2025-05-20T10:21:10.530455633"
    }
}